python : 
test_detect_backend (
question_extractor.te
st_pdf_processor.Test
PDFProcessor.test_det
ect_backend)
At line:1 char:1
+ python 
debug_tests.py > 
test_output.txt 2>&1
+ ~~~~~~~~~~~~~~~~~~~
~~~~~~~~~~~~~~~~~~~~~
~~~~
    + CategoryInfo   
           : 
NotSpecified: (t    e
st_detect_bac...dete 
   
ct_backend):String) 
[    ], 
RemoteException
    + 
FullyQualifiedError  
  Id : 
NativeCommandErr    
or
 
Test backend 
detection logic. ... 
ok
test_detect_backend_f
allback (question_ext
ractor.test_pdf_proce
ssor.TestPDFProcessor
.test_detect_backend_
fallback)
Test fallback 
mechanism for 
backend detection. 
... ok
test_get_backend_info
 (question_extractor.
test_pdf_processor.Te
stPDFProcessor.test_g
et_backend_info)
Test retrieving 
backend information. 
... ok
test_pages_none (ques
tion_extractor.test_p
df_processor.TestPDFP
rocessor.test_pages_n
one)
Test processing all 
pages (Standard 
path) ... ok
test_pages_provided (
question_extractor.te
st_pdf_processor.Test
PDFProcessor.test_pag
es_provided)
Test processing 
specific pages 
(Optimization path) 
... ok
test_parse_content_ba
sic (question_extract
or.test_paper_generat
or.TestQuestionBankPa
rser.test_parse_conte
nt_basic) ... FAIL
test_split_sections (
question_extractor.te
st_paper_generator.Te
stQuestionBankParser.
test_split_sections) 
... ok
test_cleanup_temp_ima
ges (question_extract
or.test_paper_generat
or.TestBasePaperGener
ator.test_cleanup_tem
p_images) ... ok

=====================
=====================
=====================
=======
FAIL: test_parse_cont
ent_basic (question_e
xtractor.test_paper_g
enerator.TestQuestion
BankParser.test_parse
_content_basic)
---------------------
---------------------
---------------------
-------
Traceback (most 
recent call last):
  File "C:\Users\mehn
a\OneDrive\Desktop\St
udent Qn papers\quest
ion_extractor\test_pa
per_generator.py", 
line 38, in test_pars
e_content_basic
    self.assertEqual(
len(questions), 2)
AssertionError: 0 != 
2

---------------------
---------------------
---------------------
-------
Ran 8 tests in 2.246s

FAILED (failures=1)
